---
source: src/data_crawling/krx/save.rs
expression: "lf.unwrap().filter(col(\"closing_price\").gt(lit(500))).collect().unwrap().to_string()"
---
shape: (908, 13)
┌────────────┬───────────────┬───────────────┬──────────┬─────┬───────┬──────┬──────┬──────┐
│ issue_code ┆ issue_name    ┆ closing_price ┆ compared ┆ ... ┆ bps   ┆ pbr  ┆ dps  ┆ dyr  │
│ ---        ┆ ---           ┆ ---           ┆ ---      ┆     ┆ ---   ┆ ---  ┆ ---  ┆ ---  │
│ str        ┆ str           ┆ u32           ┆ i32      ┆     ┆ str   ┆ str  ┆ u32  ┆ f32  │
╞════════════╪═══════════════╪═══════════════╪══════════╪═════╪═══════╪══════╪══════╪══════╡
│ 095570     ┆ AJ네트웍스    ┆ 6050          ┆ -10      ┆ ... ┆ 8075  ┆ 0.75 ┆ 270  ┆ 4.46 │
├╌╌╌╌╌╌╌╌╌╌╌╌┼╌╌╌╌╌╌╌╌╌╌╌╌╌╌╌┼╌╌╌╌╌╌╌╌╌╌╌╌╌╌╌┼╌╌╌╌╌╌╌╌╌╌┼╌╌╌╌╌┼╌╌╌╌╌╌╌┼╌╌╌╌╌╌┼╌╌╌╌╌╌┼╌╌╌╌╌╌┤
│ 006840     ┆ AK홀딩스      ┆ 17400         ┆ 300      ┆ ... ┆ 45961 ┆ 0.38 ┆ 200  ┆ 1.15 │
├╌╌╌╌╌╌╌╌╌╌╌╌┼╌╌╌╌╌╌╌╌╌╌╌╌╌╌╌┼╌╌╌╌╌╌╌╌╌╌╌╌╌╌╌┼╌╌╌╌╌╌╌╌╌╌┼╌╌╌╌╌┼╌╌╌╌╌╌╌┼╌╌╌╌╌╌┼╌╌╌╌╌╌┼╌╌╌╌╌╌┤
│ 027410     ┆ BGF           ┆ 4200          ┆ 40       ┆ ... ┆ 16393 ┆ 0.26 ┆ 110  ┆ 2.62 │
├╌╌╌╌╌╌╌╌╌╌╌╌┼╌╌╌╌╌╌╌╌╌╌╌╌╌╌╌┼╌╌╌╌╌╌╌╌╌╌╌╌╌╌╌┼╌╌╌╌╌╌╌╌╌╌┼╌╌╌╌╌┼╌╌╌╌╌╌╌┼╌╌╌╌╌╌┼╌╌╌╌╌╌┼╌╌╌╌╌╌┤
│ 282330     ┆ BGF리테일     ┆ 192500        ┆ 0        ┆ ... ┆ 46849 ┆ 4.11 ┆ 3000 ┆ 1.56 │
├╌╌╌╌╌╌╌╌╌╌╌╌┼╌╌╌╌╌╌╌╌╌╌╌╌╌╌╌┼╌╌╌╌╌╌╌╌╌╌╌╌╌╌╌┼╌╌╌╌╌╌╌╌╌╌┼╌╌╌╌╌┼╌╌╌╌╌╌╌┼╌╌╌╌╌╌┼╌╌╌╌╌╌┼╌╌╌╌╌╌┤
│ ...        ┆ ...           ┆ ...           ┆ ...      ┆ ... ┆ ...   ┆ ...  ┆ ...  ┆ ...  │
├╌╌╌╌╌╌╌╌╌╌╌╌┼╌╌╌╌╌╌╌╌╌╌╌╌╌╌╌┼╌╌╌╌╌╌╌╌╌╌╌╌╌╌╌┼╌╌╌╌╌╌╌╌╌╌┼╌╌╌╌╌┼╌╌╌╌╌╌╌┼╌╌╌╌╌╌┼╌╌╌╌╌╌┼╌╌╌╌╌╌┤
│ 000540     ┆ 흥국화재      ┆ 3545          ┆ 75       ┆ ... ┆ 10599 ┆ 0.33 ┆ 0    ┆ 0.0  │
├╌╌╌╌╌╌╌╌╌╌╌╌┼╌╌╌╌╌╌╌╌╌╌╌╌╌╌╌┼╌╌╌╌╌╌╌╌╌╌╌╌╌╌╌┼╌╌╌╌╌╌╌╌╌╌┼╌╌╌╌╌┼╌╌╌╌╌╌╌┼╌╌╌╌╌╌┼╌╌╌╌╌╌┼╌╌╌╌╌╌┤
│ 000547     ┆ 흥국화재2우B  ┆ 19400         ┆ -1300    ┆ ... ┆ -     ┆ -    ┆ 0    ┆ 0.0  │
├╌╌╌╌╌╌╌╌╌╌╌╌┼╌╌╌╌╌╌╌╌╌╌╌╌╌╌╌┼╌╌╌╌╌╌╌╌╌╌╌╌╌╌╌┼╌╌╌╌╌╌╌╌╌╌┼╌╌╌╌╌┼╌╌╌╌╌╌╌┼╌╌╌╌╌╌┼╌╌╌╌╌╌┼╌╌╌╌╌╌┤
│ 000545     ┆ 흥국화재우    ┆ 6440          ┆ -20      ┆ ... ┆ -     ┆ -    ┆ 0    ┆ 0.0  │
├╌╌╌╌╌╌╌╌╌╌╌╌┼╌╌╌╌╌╌╌╌╌╌╌╌╌╌╌┼╌╌╌╌╌╌╌╌╌╌╌╌╌╌╌┼╌╌╌╌╌╌╌╌╌╌┼╌╌╌╌╌┼╌╌╌╌╌╌╌┼╌╌╌╌╌╌┼╌╌╌╌╌╌┼╌╌╌╌╌╌┤
│ 003280     ┆ 흥아해운      ┆ 1425          ┆ 10       ┆ ... ┆ 428   ┆ 3.33 ┆ 0    ┆ 0.0  │
└────────────┴───────────────┴───────────────┴──────────┴─────┴───────┴──────┴──────┴──────┘
