---
source: src/data_crawling/krx/save.rs
expression: "lf.unwrap().filter(col(\"closing_price\").gt(lit(10000))).collect().unwrap().to_string()"
---
shape: (497, 8)
┌──────────┬──────────┬───────────┬──────────┬────────────┬──────────┬────────────┬──────────┐
│ issue_co ┆ issue_na ┆ market_ty ┆ industry ┆ closing_pr ┆ compared ┆ fluctuatio ┆ market_c │
│ de       ┆ me       ┆ pe        ┆ ---      ┆ ice        ┆ ---      ┆ n_rate     ┆ ap       │
│ ---      ┆ ---      ┆ ---       ┆ str      ┆ ---        ┆ i32      ┆ ---        ┆ ---      │
│ str      ┆ str      ┆ str       ┆          ┆ u32        ┆          ┆ f32        ┆ u64      │
╞══════════╪══════════╪═══════════╪══════════╪════════════╪══════════╪════════════╪══════════╡
│ 006840   ┆ AK홀딩스 ┆ KOSPI     ┆ 기타금융 ┆ 17400      ┆ 300      ┆ 1.75       ┆ 23050756 │
│          ┆          ┆           ┆          ┆            ┆          ┆            ┆ 1400     │
├╌╌╌╌╌╌╌╌╌╌┼╌╌╌╌╌╌╌╌╌╌┼╌╌╌╌╌╌╌╌╌╌╌┼╌╌╌╌╌╌╌╌╌╌┼╌╌╌╌╌╌╌╌╌╌╌╌┼╌╌╌╌╌╌╌╌╌╌┼╌╌╌╌╌╌╌╌╌╌╌╌┼╌╌╌╌╌╌╌╌╌╌┤
│ 282330   ┆ BGF리테  ┆ KOSPI     ┆ 유통업   ┆ 192500     ┆ 0        ┆ 0.0        ┆ 33271519 │
│          ┆ 일       ┆           ┆          ┆            ┆          ┆            ┆ 05000    │
├╌╌╌╌╌╌╌╌╌╌┼╌╌╌╌╌╌╌╌╌╌┼╌╌╌╌╌╌╌╌╌╌╌┼╌╌╌╌╌╌╌╌╌╌┼╌╌╌╌╌╌╌╌╌╌╌╌┼╌╌╌╌╌╌╌╌╌╌┼╌╌╌╌╌╌╌╌╌╌╌╌┼╌╌╌╌╌╌╌╌╌╌┤
│ 001460   ┆ BYC      ┆ KOSPI     ┆ 섬유의복 ┆ 370000     ┆ 0        ┆ 0.0        ┆ 23110755 │
│          ┆          ┆           ┆          ┆            ┆          ┆            ┆ 0000     │
├╌╌╌╌╌╌╌╌╌╌┼╌╌╌╌╌╌╌╌╌╌┼╌╌╌╌╌╌╌╌╌╌╌┼╌╌╌╌╌╌╌╌╌╌┼╌╌╌╌╌╌╌╌╌╌╌╌┼╌╌╌╌╌╌╌╌╌╌┼╌╌╌╌╌╌╌╌╌╌╌╌┼╌╌╌╌╌╌╌╌╌╌┤
│ 001465   ┆ BYC우    ┆ KOSPI     ┆ 섬유의복 ┆ 140000     ┆ -1000    ┆ -0.71      ┆ 30153900 │
│          ┆          ┆           ┆          ┆            ┆          ┆            ┆ 000      │
├╌╌╌╌╌╌╌╌╌╌┼╌╌╌╌╌╌╌╌╌╌┼╌╌╌╌╌╌╌╌╌╌╌┼╌╌╌╌╌╌╌╌╌╌┼╌╌╌╌╌╌╌╌╌╌╌╌┼╌╌╌╌╌╌╌╌╌╌┼╌╌╌╌╌╌╌╌╌╌╌╌┼╌╌╌╌╌╌╌╌╌╌┤
│ ...      ┆ ...      ┆ ...       ┆ ...      ┆ ...        ┆ ...      ┆ ...        ┆ ...      │
├╌╌╌╌╌╌╌╌╌╌┼╌╌╌╌╌╌╌╌╌╌┼╌╌╌╌╌╌╌╌╌╌╌┼╌╌╌╌╌╌╌╌╌╌┼╌╌╌╌╌╌╌╌╌╌╌╌┼╌╌╌╌╌╌╌╌╌╌┼╌╌╌╌╌╌╌╌╌╌╌╌┼╌╌╌╌╌╌╌╌╌╌┤
│ 298000   ┆ 효성화학 ┆ KOSPI     ┆ 화학     ┆ 122000     ┆ 4000     ┆ 3.39       ┆ 38919537 │
│          ┆          ┆           ┆          ┆            ┆          ┆            ┆ 2000     │
├╌╌╌╌╌╌╌╌╌╌┼╌╌╌╌╌╌╌╌╌╌┼╌╌╌╌╌╌╌╌╌╌╌┼╌╌╌╌╌╌╌╌╌╌┼╌╌╌╌╌╌╌╌╌╌╌╌┼╌╌╌╌╌╌╌╌╌╌┼╌╌╌╌╌╌╌╌╌╌╌╌┼╌╌╌╌╌╌╌╌╌╌┤
│ 093370   ┆ 후성     ┆ KOSPI     ┆ 화학     ┆ 12100      ┆ 150      ┆ 1.26       ┆ 11416604 │
│          ┆          ┆           ┆          ┆            ┆          ┆            ┆ 58400    │
├╌╌╌╌╌╌╌╌╌╌┼╌╌╌╌╌╌╌╌╌╌┼╌╌╌╌╌╌╌╌╌╌╌┼╌╌╌╌╌╌╌╌╌╌┼╌╌╌╌╌╌╌╌╌╌╌╌┼╌╌╌╌╌╌╌╌╌╌┼╌╌╌╌╌╌╌╌╌╌╌╌┼╌╌╌╌╌╌╌╌╌╌┤
│ 081660   ┆ 휠라홀딩 ┆ KOSPI     ┆ 유통업   ┆ 36200      ┆ 1000     ┆ 2.84       ┆ 21992304 │
│          ┆ 스       ┆           ┆          ┆            ┆          ┆            ┆ 36400    │
├╌╌╌╌╌╌╌╌╌╌┼╌╌╌╌╌╌╌╌╌╌┼╌╌╌╌╌╌╌╌╌╌╌┼╌╌╌╌╌╌╌╌╌╌┼╌╌╌╌╌╌╌╌╌╌╌╌┼╌╌╌╌╌╌╌╌╌╌┼╌╌╌╌╌╌╌╌╌╌╌╌┼╌╌╌╌╌╌╌╌╌╌┤
│ 000547   ┆ 흥국화재 ┆ KOSPI     ┆ 보험     ┆ 19400      ┆ -1300    ┆ -6.28      ┆ 29798400 │
│          ┆ 2우B     ┆           ┆          ┆            ┆          ┆            ┆ 00       │
└──────────┴──────────┴───────────┴──────────┴────────────┴──────────┴────────────┴──────────┘
