---
source: src/data_crawling/krx/save.rs
expression: "lf.unwrap().filter(col(\"closing_price\").gt(lit(10000))).collect().unwrap().to_string()"
---
shape: (497, 8)
┌────────────┬──────────────┬─────────────┬──────────┬───────────────┬──────────┬──────────────────┬───────────────┐
│ issue_code ┆ issue_name   ┆ market_type ┆ industry ┆ closing_price ┆ compared ┆ fluctuation_rate ┆ market_cap    │
│ ---        ┆ ---          ┆ ---         ┆ ---      ┆ ---           ┆ ---      ┆ ---              ┆ ---           │
│ str        ┆ str          ┆ str         ┆ str      ┆ u32           ┆ i32      ┆ f32              ┆ u64           │
╞════════════╪══════════════╪═════════════╪══════════╪═══════════════╪══════════╪══════════════════╪═══════════════╡
│ 006840     ┆ AK홀딩스     ┆ KOSPI       ┆ 기타금융 ┆ 17400         ┆ 300      ┆ 1.75             ┆ 230507561400  │
├╌╌╌╌╌╌╌╌╌╌╌╌┼╌╌╌╌╌╌╌╌╌╌╌╌╌╌┼╌╌╌╌╌╌╌╌╌╌╌╌╌┼╌╌╌╌╌╌╌╌╌╌┼╌╌╌╌╌╌╌╌╌╌╌╌╌╌╌┼╌╌╌╌╌╌╌╌╌╌┼╌╌╌╌╌╌╌╌╌╌╌╌╌╌╌╌╌╌┼╌╌╌╌╌╌╌╌╌╌╌╌╌╌╌┤
│ 282330     ┆ BGF리테일    ┆ KOSPI       ┆ 유통업   ┆ 192500        ┆ 0        ┆ 0.0              ┆ 3327151905000 │
├╌╌╌╌╌╌╌╌╌╌╌╌┼╌╌╌╌╌╌╌╌╌╌╌╌╌╌┼╌╌╌╌╌╌╌╌╌╌╌╌╌┼╌╌╌╌╌╌╌╌╌╌┼╌╌╌╌╌╌╌╌╌╌╌╌╌╌╌┼╌╌╌╌╌╌╌╌╌╌┼╌╌╌╌╌╌╌╌╌╌╌╌╌╌╌╌╌╌┼╌╌╌╌╌╌╌╌╌╌╌╌╌╌╌┤
│ 001460     ┆ BYC          ┆ KOSPI       ┆ 섬유의복 ┆ 370000        ┆ 0        ┆ 0.0              ┆ 231107550000  │
├╌╌╌╌╌╌╌╌╌╌╌╌┼╌╌╌╌╌╌╌╌╌╌╌╌╌╌┼╌╌╌╌╌╌╌╌╌╌╌╌╌┼╌╌╌╌╌╌╌╌╌╌┼╌╌╌╌╌╌╌╌╌╌╌╌╌╌╌┼╌╌╌╌╌╌╌╌╌╌┼╌╌╌╌╌╌╌╌╌╌╌╌╌╌╌╌╌╌┼╌╌╌╌╌╌╌╌╌╌╌╌╌╌╌┤
│ 001465     ┆ BYC우        ┆ KOSPI       ┆ 섬유의복 ┆ 140000        ┆ -1000    ┆ -0.71            ┆ 30153900000   │
├╌╌╌╌╌╌╌╌╌╌╌╌┼╌╌╌╌╌╌╌╌╌╌╌╌╌╌┼╌╌╌╌╌╌╌╌╌╌╌╌╌┼╌╌╌╌╌╌╌╌╌╌┼╌╌╌╌╌╌╌╌╌╌╌╌╌╌╌┼╌╌╌╌╌╌╌╌╌╌┼╌╌╌╌╌╌╌╌╌╌╌╌╌╌╌╌╌╌┼╌╌╌╌╌╌╌╌╌╌╌╌╌╌╌┤
│ ...        ┆ ...          ┆ ...         ┆ ...      ┆ ...           ┆ ...      ┆ ...              ┆ ...           │
├╌╌╌╌╌╌╌╌╌╌╌╌┼╌╌╌╌╌╌╌╌╌╌╌╌╌╌┼╌╌╌╌╌╌╌╌╌╌╌╌╌┼╌╌╌╌╌╌╌╌╌╌┼╌╌╌╌╌╌╌╌╌╌╌╌╌╌╌┼╌╌╌╌╌╌╌╌╌╌┼╌╌╌╌╌╌╌╌╌╌╌╌╌╌╌╌╌╌┼╌╌╌╌╌╌╌╌╌╌╌╌╌╌╌┤
│ 298000     ┆ 효성화학     ┆ KOSPI       ┆ 화학     ┆ 122000        ┆ 4000     ┆ 3.39             ┆ 389195372000  │
├╌╌╌╌╌╌╌╌╌╌╌╌┼╌╌╌╌╌╌╌╌╌╌╌╌╌╌┼╌╌╌╌╌╌╌╌╌╌╌╌╌┼╌╌╌╌╌╌╌╌╌╌┼╌╌╌╌╌╌╌╌╌╌╌╌╌╌╌┼╌╌╌╌╌╌╌╌╌╌┼╌╌╌╌╌╌╌╌╌╌╌╌╌╌╌╌╌╌┼╌╌╌╌╌╌╌╌╌╌╌╌╌╌╌┤
│ 093370     ┆ 후성         ┆ KOSPI       ┆ 화학     ┆ 12100         ┆ 150      ┆ 1.26             ┆ 1141660458400 │
├╌╌╌╌╌╌╌╌╌╌╌╌┼╌╌╌╌╌╌╌╌╌╌╌╌╌╌┼╌╌╌╌╌╌╌╌╌╌╌╌╌┼╌╌╌╌╌╌╌╌╌╌┼╌╌╌╌╌╌╌╌╌╌╌╌╌╌╌┼╌╌╌╌╌╌╌╌╌╌┼╌╌╌╌╌╌╌╌╌╌╌╌╌╌╌╌╌╌┼╌╌╌╌╌╌╌╌╌╌╌╌╌╌╌┤
│ 081660     ┆ 휠라홀딩스   ┆ KOSPI       ┆ 유통업   ┆ 36200         ┆ 1000     ┆ 2.84             ┆ 2199230436400 │
├╌╌╌╌╌╌╌╌╌╌╌╌┼╌╌╌╌╌╌╌╌╌╌╌╌╌╌┼╌╌╌╌╌╌╌╌╌╌╌╌╌┼╌╌╌╌╌╌╌╌╌╌┼╌╌╌╌╌╌╌╌╌╌╌╌╌╌╌┼╌╌╌╌╌╌╌╌╌╌┼╌╌╌╌╌╌╌╌╌╌╌╌╌╌╌╌╌╌┼╌╌╌╌╌╌╌╌╌╌╌╌╌╌╌┤
│ 000547     ┆ 흥국화재2우B ┆ KOSPI       ┆ 보험     ┆ 19400         ┆ -1300    ┆ -6.28            ┆ 2979840000    │
└────────────┴──────────────┴─────────────┴──────────┴───────────────┴──────────┴──────────────────┴───────────────┘
