---
source: src/data_crawling/get_krx_ind.rs
expression: result
---
AB00in6Hf/2nKoNq7nY+VxSqL7tgKO04k1fbHdPTeN0RtSksuLS7Bnxpl86F7dAOkunw9BBwugQaSjGAcH15eaZ8NA5R6MzhK2oIoU32nFwtBgM+EFJCxYg3zco1gIgRZqIo4cIzoURnTI8+MmkJ4m8vFLhSKmM794gFu+ThsO31lY4woqehX8j6OlXFDcfHdV4NbYo4+D2Rwcfj24VnU3Zpq3ik/Dyw3FdyOXhJkBI=

